
> chrononinja-frontend@1.0.0 test
> jest --testPathPatterns=useLists --no-coverage

node.exe : FAIL src/features/manage/hooks/__tests__/useLists.test.ts
строка:1 знак:1
+ & "C:\Program Files\nodejs/node.exe" "C:\Program Files\nodejs/node_mo ...
+ ~~~~~~~~~~~~~~~~~~~~~~~~~~~~~~~~~~~~~~~~~~~~~~~~~~~~~~~~~~~~~~~~~~~~~
    + CategoryInfo          : NotSpecified: (FAIL src/featur...seLists.test.ts 
   :String) [], RemoteException
    + FullyQualifiedErrorId : NativeCommandError
 
  useLists
    ├Ч should initialize with empty lists when not authenticated (3 ms)
    ├Ч should load user lists when authenticated (1 ms)
    ├Ч should use cache when available and fresh (1 ms)
    ├Ч should refresh data when cache is stale
    ├Ч should force refresh when loadUserLists is called with force=true
    ├Ч should clear lists when user logs out (1 ms)
    ├Ч should handle non-array response from API
    ├Ч should handle API error gracefully (1 ms)
    ├Ч should prevent duplicate in-flight requests (1 ms)
    ├Ч should detect shared list from URL
    ├Ч should remove share param when owner views their own shared list
    ├Ч should handle invalid shared list response
    ├Ч should handle shared list API error
    ├Ч should use default title for shared list without title
    ├Ч should update personLists via setPersonLists
    ├Ч should update sharedList via setSharedList
    ├Ч should respect rate limiting (1500ms)

  тЧП useLists тА║ should initialize with empty lists when not authenticated

    TypeError: Cannot redefine property: location
        at Object.defineProperty (<anonymous>)

    [0m [90m 20 |[39m     [90m// Delete and recreate window.location for ea
ch test[39m
     [90m 21 |[39m     [36mdelete[39m (window [36mas[39m any)[33m.[39ml
ocation
    [31m[1m>[22m[39m[90m 22 |[39m     [33mObject[39m[33m.[39mdefinePr
operty(window[33m,[39m [32m'location'[39m[33m,[39m {
     [90m    |[39m            [31m[1m^[22m[39m
     [90m 23 |[39m       writable[33m:[39m [36mtrue[39m[33m,[39m
     [90m 24 |[39m       configurable[33m:[39m [36mtrue[39m[33m,[39m
     [90m 25 |[39m       value[33m:[39m {[0m

      at Object.<anonymous> (src/features/manage/hooks/__tests__/useLists.test.
ts:22:12)

  тЧП useLists тА║ should load user lists when authenticated

    TypeError: Cannot redefine property: location
        at Object.defineProperty (<anonymous>)

    [0m [90m 20 |[39m     [90m// Delete and recreate window.location for ea
ch test[39m
     [90m 21 |[39m     [36mdelete[39m (window [36mas[39m any)[33m.[39ml
ocation
    [31m[1m>[22m[39m[90m 22 |[39m     [33mObject[39m[33m.[39mdefinePr
operty(window[33m,[39m [32m'location'[39m[33m,[39m {
     [90m    |[39m            [31m[1m^[22m[39m
     [90m 23 |[39m       writable[33m:[39m [36mtrue[39m[33m,[39m
     [90m 24 |[39m       configurable[33m:[39m [36mtrue[39m[33m,[39m
     [90m 25 |[39m       value[33m:[39m {[0m

      at Object.<anonymous> (src/features/manage/hooks/__tests__/useLists.test.
ts:22:12)

  тЧП useLists тА║ should use cache when available and fresh

    TypeError: Cannot redefine property: location
        at Object.defineProperty (<anonymous>)

    [0m [90m 20 |[39m     [90m// Delete and recreate window.location for ea
ch test[39m
     [90m 21 |[39m     [36mdelete[39m (window [36mas[39m any)[33m.[39ml
ocation
    [31m[1m>[22m[39m[90m 22 |[39m     [33mObject[39m[33m.[39mdefinePr
operty(window[33m,[39m [32m'location'[39m[33m,[39m {
     [90m    |[39m            [31m[1m^[22m[39m
     [90m 23 |[39m       writable[33m:[39m [36mtrue[39m[33m,[39m
     [90m 24 |[39m       configurable[33m:[39m [36mtrue[39m[33m,[39m
     [90m 25 |[39m       value[33m:[39m {[0m

      at Object.<anonymous> (src/features/manage/hooks/__tests__/useLists.test.
ts:22:12)

  тЧП useLists тА║ should refresh data when cache is stale

    TypeError: Cannot redefine property: location
        at Object.defineProperty (<anonymous>)

    [0m [90m 20 |[39m     [90m// Delete and recreate window.location for ea
ch test[39m
     [90m 21 |[39m     [36mdelete[39m (window [36mas[39m any)[33m.[39ml
ocation
    [31m[1m>[22m[39m[90m 22 |[39m     [33mObject[39m[33m.[39mdefinePr
operty(window[33m,[39m [32m'location'[39m[33m,[39m {
     [90m    |[39m            [31m[1m^[22m[39m
     [90m 23 |[39m       writable[33m:[39m [36mtrue[39m[33m,[39m
     [90m 24 |[39m       configurable[33m:[39m [36mtrue[39m[33m,[39m
     [90m 25 |[39m       value[33m:[39m {[0m

      at Object.<anonymous> (src/features/manage/hooks/__tests__/useLists.test.
ts:22:12)

  тЧП useLists тА║ should force refresh when loadUserLists is called with force
=true

    TypeError: Cannot redefine property: location
        at Object.defineProperty (<anonymous>)

    [0m [90m 20 |[39m     [90m// Delete and recreate window.location for ea
ch test[39m
     [90m 21 |[39m     [36mdelete[39m (window [36mas[39m any)[33m.[39ml
ocation
    [31m[1m>[22m[39m[90m 22 |[39m     [33mObject[39m[33m.[39mdefinePr
operty(window[33m,[39m [32m'location'[39m[33m,[39m {
     [90m    |[39m            [31m[1m^[22m[39m
     [90m 23 |[39m       writable[33m:[39m [36mtrue[39m[33m,[39m
     [90m 24 |[39m       configurable[33m:[39m [36mtrue[39m[33m,[39m
     [90m 25 |[39m       value[33m:[39m {[0m

      at Object.<anonymous> (src/features/manage/hooks/__tests__/useLists.test.
ts:22:12)

  тЧП useLists тА║ should clear lists when user logs out

    TypeError: Cannot redefine property: location
        at Object.defineProperty (<anonymous>)

    [0m [90m 20 |[39m     [90m// Delete and recreate window.location for ea
ch test[39m
     [90m 21 |[39m     [36mdelete[39m (window [36mas[39m any)[33m.[39ml
ocation
    [31m[1m>[22m[39m[90m 22 |[39m     [33mObject[39m[33m.[39mdefinePr
operty(window[33m,[39m [32m'location'[39m[33m,[39m {
     [90m    |[39m            [31m[1m^[22m[39m
     [90m 23 |[39m       writable[33m:[39m [36mtrue[39m[33m,[39m
     [90m 24 |[39m       configurable[33m:[39m [36mtrue[39m[33m,[39m
     [90m 25 |[39m       value[33m:[39m {[0m

      at Object.<anonymous> (src/features/manage/hooks/__tests__/useLists.test.
ts:22:12)

  тЧП useLists тА║ should handle non-array response from API

    TypeError: Cannot redefine property: location
        at Object.defineProperty (<anonymous>)

    [0m [90m 20 |[39m     [90m// Delete and recreate window.location for ea
ch test[39m
     [90m 21 |[39m     [36mdelete[39m (window [36mas[39m any)[33m.[39ml
ocation
    [31m[1m>[22m[39m[90m 22 |[39m     [33mObject[39m[33m.[39mdefinePr
operty(window[33m,[39m [32m'location'[39m[33m,[39m {
     [90m    |[39m            [31m[1m^[22m[39m
     [90m 23 |[39m       writable[33m:[39m [36mtrue[39m[33m,[39m
     [90m 24 |[39m       configurable[33m:[39m [36mtrue[39m[33m,[39m
     [90m 25 |[39m       value[33m:[39m {[0m

      at Object.<anonymous> (src/features/manage/hooks/__tests__/useLists.test.
ts:22:12)

  тЧП useLists тА║ should handle API error gracefully

    TypeError: Cannot redefine property: location
        at Object.defineProperty (<anonymous>)

    [0m [90m 20 |[39m     [90m// Delete and recreate window.location for ea
ch test[39m
     [90m 21 |[39m     [36mdelete[39m (window [36mas[39m any)[33m.[39ml
ocation
    [31m[1m>[22m[39m[90m 22 |[39m     [33mObject[39m[33m.[39mdefinePr
operty(window[33m,[39m [32m'location'[39m[33m,[39m {
     [90m    |[39m            [31m[1m^[22m[39m
     [90m 23 |[39m       writable[33m:[39m [36mtrue[39m[33m,[39m
     [90m 24 |[39m       configurable[33m:[39m [36mtrue[39m[33m,[39m
     [90m 25 |[39m       value[33m:[39m {[0m

      at Object.<anonymous> (src/features/manage/hooks/__tests__/useLists.test.
ts:22:12)

  тЧП useLists тА║ should prevent duplicate in-flight requests

    TypeError: Cannot redefine property: location
        at Object.defineProperty (<anonymous>)

    [0m [90m 20 |[39m     [90m// Delete and recreate window.location for ea
ch test[39m
     [90m 21 |[39m     [36mdelete[39m (window [36mas[39m any)[33m.[39ml
ocation
    [31m[1m>[22m[39m[90m 22 |[39m     [33mObject[39m[33m.[39mdefinePr
operty(window[33m,[39m [32m'location'[39m[33m,[39m {
     [90m    |[39m            [31m[1m^[22m[39m
     [90m 23 |[39m       writable[33m:[39m [36mtrue[39m[33m,[39m
     [90m 24 |[39m       configurable[33m:[39m [36mtrue[39m[33m,[39m
     [90m 25 |[39m       value[33m:[39m {[0m

      at Object.<anonymous> (src/features/manage/hooks/__tests__/useLists.test.
ts:22:12)

  тЧП useLists тА║ should detect shared list from URL

    TypeError: Cannot redefine property: location
        at Object.defineProperty (<anonymous>)

    [0m [90m 20 |[39m     [90m// Delete and recreate window.location for ea
ch test[39m
     [90m 21 |[39m     [36mdelete[39m (window [36mas[39m any)[33m.[39ml
ocation
    [31m[1m>[22m[39m[90m 22 |[39m     [33mObject[39m[33m.[39mdefinePr
operty(window[33m,[39m [32m'location'[39m[33m,[39m {
     [90m    |[39m            [31m[1m^[22m[39m
     [90m 23 |[39m       writable[33m:[39m [36mtrue[39m[33m,[39m
     [90m 24 |[39m       configurable[33m:[39m [36mtrue[39m[33m,[39m
     [90m 25 |[39m       value[33m:[39m {[0m

      at Object.<anonymous> (src/features/manage/hooks/__tests__/useLists.test.
ts:22:12)

  тЧП useLists тА║ should remove share param when owner views their own shared 
list

    TypeError: Cannot redefine property: location
        at Object.defineProperty (<anonymous>)

    [0m [90m 20 |[39m     [90m// Delete and recreate window.location for ea
ch test[39m
     [90m 21 |[39m     [36mdelete[39m (window [36mas[39m any)[33m.[39ml
ocation
    [31m[1m>[22m[39m[90m 22 |[39m     [33mObject[39m[33m.[39mdefinePr
operty(window[33m,[39m [32m'location'[39m[33m,[39m {
     [90m    |[39m            [31m[1m^[22m[39m
     [90m 23 |[39m       writable[33m:[39m [36mtrue[39m[33m,[39m
     [90m 24 |[39m       configurable[33m:[39m [36mtrue[39m[33m,[39m
     [90m 25 |[39m       value[33m:[39m {[0m

      at Object.<anonymous> (src/features/manage/hooks/__tests__/useLists.test.
ts:22:12)

  тЧП useLists тА║ should handle invalid shared list response

    TypeError: Cannot redefine property: location
        at Object.defineProperty (<anonymous>)

    [0m [90m 20 |[39m     [90m// Delete and recreate window.location for ea
ch test[39m
     [90m 21 |[39m     [36mdelete[39m (window [36mas[39m any)[33m.[39ml
ocation
    [31m[1m>[22m[39m[90m 22 |[39m     [33mObject[39m[33m.[39mdefinePr
operty(window[33m,[39m [32m'location'[39m[33m,[39m {
     [90m    |[39m            [31m[1m^[22m[39m
     [90m 23 |[39m       writable[33m:[39m [36mtrue[39m[33m,[39m
     [90m 24 |[39m       configurable[33m:[39m [36mtrue[39m[33m,[39m
     [90m 25 |[39m       value[33m:[39m {[0m

      at Object.<anonymous> (src/features/manage/hooks/__tests__/useLists.test.
ts:22:12)

  тЧП useLists тА║ should handle shared list API error

    TypeError: Cannot redefine property: location
        at Object.defineProperty (<anonymous>)

    [0m [90m 20 |[39m     [90m// Delete and recreate window.location for ea
ch test[39m
     [90m 21 |[39m     [36mdelete[39m (window [36mas[39m any)[33m.[39ml
ocation
    [31m[1m>[22m[39m[90m 22 |[39m     [33mObject[39m[33m.[39mdefinePr
operty(window[33m,[39m [32m'location'[39m[33m,[39m {
     [90m    |[39m            [31m[1m^[22m[39m
     [90m 23 |[39m       writable[33m:[39m [36mtrue[39m[33m,[39m
     [90m 24 |[39m       configurable[33m:[39m [36mtrue[39m[33m,[39m
     [90m 25 |[39m       value[33m:[39m {[0m

      at Object.<anonymous> (src/features/manage/hooks/__tests__/useLists.test.
ts:22:12)

  тЧП useLists тА║ should use default title for shared list without title

    TypeError: Cannot redefine property: location
        at Object.defineProperty (<anonymous>)

    [0m [90m 20 |[39m     [90m// Delete and recreate window.location for ea
ch test[39m
     [90m 21 |[39m     [36mdelete[39m (window [36mas[39m any)[33m.[39ml
ocation
    [31m[1m>[22m[39m[90m 22 |[39m     [33mObject[39m[33m.[39mdefinePr
operty(window[33m,[39m [32m'location'[39m[33m,[39m {
     [90m    |[39m            [31m[1m^[22m[39m
     [90m 23 |[39m       writable[33m:[39m [36mtrue[39m[33m,[39m
     [90m 24 |[39m       configurable[33m:[39m [36mtrue[39m[33m,[39m
     [90m 25 |[39m       value[33m:[39m {[0m

      at Object.<anonymous> (src/features/manage/hooks/__tests__/useLists.test.
ts:22:12)

  тЧП useLists тА║ should update personLists via setPersonLists

    TypeError: Cannot redefine property: location
        at Object.defineProperty (<anonymous>)

    [0m [90m 20 |[39m     [90m// Delete and recreate window.location for ea
ch test[39m
     [90m 21 |[39m     [36mdelete[39m (window [36mas[39m any)[33m.[39ml
ocation
    [31m[1m>[22m[39m[90m 22 |[39m     [33mObject[39m[33m.[39mdefinePr
operty(window[33m,[39m [32m'location'[39m[33m,[39m {
     [90m    |[39m            [31m[1m^[22m[39m
     [90m 23 |[39m       writable[33m:[39m [36mtrue[39m[33m,[39m
     [90m 24 |[39m       configurable[33m:[39m [36mtrue[39m[33m,[39m
     [90m 25 |[39m       value[33m:[39m {[0m

      at Object.<anonymous> (src/features/manage/hooks/__tests__/useLists.test.
ts:22:12)

  тЧП useLists тА║ should update sharedList via setSharedList

    TypeError: Cannot redefine property: location
        at Object.defineProperty (<anonymous>)

    [0m [90m 20 |[39m     [90m// Delete and recreate window.location for ea
ch test[39m
     [90m 21 |[39m     [36mdelete[39m (window [36mas[39m any)[33m.[39ml
ocation
    [31m[1m>[22m[39m[90m 22 |[39m     [33mObject[39m[33m.[39mdefinePr
operty(window[33m,[39m [32m'location'[39m[33m,[39m {
     [90m    |[39m            [31m[1m^[22m[39m
     [90m 23 |[39m       writable[33m:[39m [36mtrue[39m[33m,[39m
     [90m 24 |[39m       configurable[33m:[39m [36mtrue[39m[33m,[39m
     [90m 25 |[39m       value[33m:[39m {[0m

      at Object.<anonymous> (src/features/manage/hooks/__tests__/useLists.test.
ts:22:12)

  тЧП useLists тА║ should respect rate limiting (1500ms)

    TypeError: Cannot redefine property: location
        at Object.defineProperty (<anonymous>)

    [0m [90m 20 |[39m     [90m// Delete and recreate window.location for ea
ch test[39m
     [90m 21 |[39m     [36mdelete[39m (window [36mas[39m any)[33m.[39ml
ocation
    [31m[1m>[22m[39m[90m 22 |[39m     [33mObject[39m[33m.[39mdefinePr
operty(window[33m,[39m [32m'location'[39m[33m,[39m {
     [90m    |[39m            [31m[1m^[22m[39m
     [90m 23 |[39m       writable[33m:[39m [36mtrue[39m[33m,[39m
     [90m 24 |[39m       configurable[33m:[39m [36mtrue[39m[33m,[39m
     [90m 25 |[39m       value[33m:[39m {[0m

      at Object.<anonymous> (src/features/manage/hooks/__tests__/useLists.test.
ts:22:12)

Test Suites: 1 failed, 1 total
Tests:       17 failed, 17 total
Snapshots:   0 total
Time:        1.879 s, estimated 2 s
Ran all test suites matching useLists.
